[    1462ms] [ERROR] Access to fetch at 'https://static-assets-web.flixcart.com/www/linchpin/batman-returns/codes.json' from origin 'https://www.flipkart.com' has been blocked by CORS policy: Request header field x-user-agent is not allowed by Access-Control-Allow-Headers in preflight response. @ https://www.flipkart.com/:0
[    1463ms] [ERROR] Failed to load resource: net::ERR_FAILED @ https://static-assets-web.flixcart.com/www/linchpin/batman-returns/codes.json:0
[    1614ms] [WARNING] Warning: Component with name Placeholderis not available. Returning a fallback View @ https://static-assets-web.flixcart.com/batman-returns/batman-returns/p/81c7ef61138b70808f9540bfce756244/CrossCommon.js:0
[    1646ms] [WARNING] Warning: Component with name RNShimmeringViewis not available. Returning a fallback View @ https://static-assets-web.flixcart.com/batman-returns/batman-returns/p/81c7ef61138b70808f9540bfce756244/CrossCommon.js:0
[    1666ms] [WARNING] Warning: Component with name GifViewis not available. Returning a fallback View @ https://static-assets-web.flixcart.com/batman-returns/batman-returns/p/81c7ef61138b70808f9540bfce756244/CrossCommon.js:0
[    1667ms] [WARNING] Warning: Component with name LiveVideoViewis not available. Returning a fallback View @ https://static-assets-web.flixcart.com/batman-returns/batman-returns/p/81c7ef61138b70808f9540bfce756244/CrossCommon.js:0
[    1668ms] [WARNING] Warning: Component with name HybridConditionTrackerViewis not available. Returning a fallback View @ https://static-assets-web.flixcart.com/batman-returns/batman-returns/p/81c7ef61138b70808f9540bfce756244/CrossCommon.js:0
[    1724ms] [ERROR] Failed to load resource: the server responded with a status of 406 () @ https://sonic.fdp.api.flipkart.com/4/data/collector/business:0
[    1751ms] [LOG] ServiceWorker registration successful with scope:  https://www.flipkart.com/ @ https://www.flipkart.com/:1830
[    1751ms] [LOG] ServiceWorker is active and sending message :  https://www.flipkart.com/ @ https://www.flipkart.com/:1839
[    1775ms] [LOG] Sync registration successfull for web push Heart beat @ https://www.flipkart.com/:1859
[    1788ms] [WARNING] <meta name="apple-mobile-web-app-capable" content="yes"> is deprecated. Please include <meta name="mobile-web-app-capable" content="yes"> @ https://www.flipkart.com/:0
[    2308ms] [ERROR] Access to fetch at 'https://static-assets-web.flixcart.com/apex-static/images/svgs/L1Nav/auto-acc.svg' from origin 'https://www.flipkart.com' has been blocked by CORS policy: Request header field x-user-agent is not allowed by Access-Control-Allow-Headers in preflight response. @ https://www.flipkart.com/:0
[    2308ms] [ERROR] Failed to load resource: net::ERR_FAILED @ https://static-assets-web.flixcart.com/apex-static/images/svgs/L1Nav/auto-acc.svg:0
[    2308ms] [ERROR] Access to fetch at 'https://static-assets-web.flixcart.com/apex-static/images/svgs/L1Nav/electronics.svg' from origin 'https://www.flipkart.com' has been blocked by CORS policy: Request header field x-user-agent is not allowed by Access-Control-Allow-Headers in preflight response. @ https://www.flipkart.com/:0
[    2308ms] [ERROR] Failed to load resource: net::ERR_FAILED @ https://static-assets-web.flixcart.com/apex-static/images/svgs/L1Nav/electronics.svg:0
[    2308ms] [ERROR] Access to fetch at 'https://static-assets-web.flixcart.com/apex-static/images/svgs/L1Nav/all.svg' from origin 'https://www.flipkart.com' has been blocked by CORS policy: Request header field x-user-agent is not allowed by Access-Control-Allow-Headers in preflight response. @ https://www.flipkart.com/:0
[    2308ms] [ERROR] Failed to load resource: net::ERR_FAILED @ https://static-assets-web.flixcart.com/apex-static/images/svgs/L1Nav/all.svg:0
[    2309ms] [ERROR] Access to fetch at 'https://static-assets-web.flixcart.com/apex-static/images/svgs/L1Nav/furniture.svg' from origin 'https://www.flipkart.com' has been blocked by CORS policy: Request header field x-user-agent is not allowed by Access-Control-Allow-Headers in preflight response. @ https://www.flipkart.com/:0
[    2309ms] [ERROR] Failed to load resource: net::ERR_FAILED @ https://static-assets-web.flixcart.com/apex-static/images/svgs/L1Nav/furniture.svg:0
[    2310ms] [ERROR] Access to fetch at 'https://static-assets-web.flixcart.com/apex-static/images/svgs/L1Nav/tv.svg' from origin 'https://www.flipkart.com' has been blocked by CORS policy: Request header field x-user-agent is not allowed by Access-Control-Allow-Headers in preflight response. @ https://www.flipkart.com/:0
[    2310ms] [ERROR] Failed to load resource: net::ERR_FAILED @ https://static-assets-web.flixcart.com/apex-static/images/svgs/L1Nav/tv.svg:0
[    2311ms] [ERROR] Access to fetch at 'https://static-assets-web.flixcart.com/apex-static/images/svgs/L1Nav/home-final.svg' from origin 'https://www.flipkart.com' has been blocked by CORS policy: Request header field x-user-agent is not allowed by Access-Control-Allow-Headers in preflight response. @ https://www.flipkart.com/:0
[    2311ms] [ERROR] Failed to load resource: net::ERR_FAILED @ https://static-assets-web.flixcart.com/apex-static/images/svgs/L1Nav/home-final.svg:0
[    2311ms] [ERROR] Access to fetch at 'https://static-assets-web.flixcart.com/apex-static/images/svgs/L1Nav/toy.svg' from origin 'https://www.flipkart.com' has been blocked by CORS policy: Request header field x-user-agent is not allowed by Access-Control-Allow-Headers in preflight response. @ https://www.flipkart.com/:0
[    2311ms] [ERROR] Failed to load resource: net::ERR_FAILED @ https://static-assets-web.flixcart.com/apex-static/images/svgs/L1Nav/toy.svg:0
[    2311ms] [ERROR] Access to fetch at 'https://static-assets-web.flixcart.com/apex-static/images/svgs/L1Nav/sport.svg' from origin 'https://www.flipkart.com' has been blocked by CORS policy: Request header field x-user-agent is not allowed by Access-Control-Allow-Headers in preflight response. @ https://www.flipkart.com/:0
[    2311ms] [ERROR] Failed to load resource: net::ERR_FAILED @ https://static-assets-web.flixcart.com/apex-static/images/svgs/L1Nav/sport.svg:0
[    2312ms] [ERROR] Access to fetch at 'https://static-assets-web.flixcart.com/apex-static/images/svgs/L1Nav/beauty.svg' from origin 'https://www.flipkart.com' has been blocked by CORS policy: Request header field x-user-agent is not allowed by Access-Control-Allow-Headers in preflight response. @ https://www.flipkart.com/:0
[    2312ms] [ERROR] Failed to load resource: net::ERR_FAILED @ https://static-assets-web.flixcart.com/apex-static/images/svgs/L1Nav/beauty.svg:0
[    2312ms] [ERROR] Access to fetch at 'https://static-assets-web.flixcart.com/apex-static/images/svgs/L1Nav/mobiles.svg' from origin 'https://www.flipkart.com' has been blocked by CORS policy: Request header field x-user-agent is not allowed by Access-Control-Allow-Headers in preflight response. @ https://www.flipkart.com/:0
[    2312ms] [ERROR] Failed to load resource: net::ERR_FAILED @ https://static-assets-web.flixcart.com/apex-static/images/svgs/L1Nav/mobiles.svg:0
[    2312ms] [ERROR] Access to fetch at 'https://static-assets-web.flixcart.com/apex-static/images/svgs/L1Nav/fashion.svg' from origin 'https://www.flipkart.com' has been blocked by CORS policy: Request header field x-user-agent is not allowed by Access-Control-Allow-Headers in preflight response. @ https://www.flipkart.com/:0
[    2312ms] [ERROR] Failed to load resource: net::ERR_FAILED @ https://static-assets-web.flixcart.com/apex-static/images/svgs/L1Nav/fashion.svg:0
[    2323ms] [ERROR] Access to fetch at 'https://static-assets-web.flixcart.com/apex-static/images/svgs/L1Nav/books.svg' from origin 'https://www.flipkart.com' has been blocked by CORS policy: Request header field x-user-agent is not allowed by Access-Control-Allow-Headers in preflight response. @ https://www.flipkart.com/:0
[    2323ms] [ERROR] Failed to load resource: net::ERR_FAILED @ https://static-assets-web.flixcart.com/apex-static/images/svgs/L1Nav/books.svg:0
[    2324ms] [ERROR] Access to fetch at 'https://static-assets-web.flixcart.com/apex-static/images/svgs/L1Nav/food.svg' from origin 'https://www.flipkart.com' has been blocked by CORS policy: Request header field x-user-agent is not allowed by Access-Control-Allow-Headers in preflight response. @ https://www.flipkart.com/:0
[    2324ms] [ERROR] Failed to load resource: net::ERR_FAILED @ https://static-assets-web.flixcart.com/apex-static/images/svgs/L1Nav/food.svg:0
[    2324ms] [ERROR] Access to fetch at 'https://static-assets-web.flixcart.com/apex-static/images/svgs/L1Nav/auto-new.svg' from origin 'https://www.flipkart.com' has been blocked by CORS policy: Request header field x-user-agent is not allowed by Access-Control-Allow-Headers in preflight response. @ https://www.flipkart.com/:0
[    2324ms] [ERROR] Failed to load resource: net::ERR_FAILED @ https://static-assets-web.flixcart.com/apex-static/images/svgs/L1Nav/auto-new.svg:0
[   11592ms] [WARNING] The resource https://rukminim2.flixcart.com/fk-p-flap/480/234/image/be24f85dfb8c9a58.jpg?q=20 was preloaded using link preload but not used within a few seconds from the window's load event. Please make sure it has an appropriate `as` value and it is preloaded intentionally. @ https://www.flipkart.com/:0
[   17597ms] [WARNING] The resource https://rukminim2.flixcart.com/fk-p-flap/480/234/image/be24f85dfb8c9a58.jpg?q=20 was preloaded using link preload but not used within a few seconds from the window's load event. Please make sure it has an appropriate `as` value and it is preloaded intentionally. @ https://www.flipkart.com/:0
[   20636ms] [WARNING] The resource https://rukminim2.flixcart.com/fk-p-flap/480/234/image/be24f85dfb8c9a58.jpg?q=20 was preloaded using link preload but not used within a few seconds from the window's load event. Please make sure it has an appropriate `as` value and it is preloaded intentionally. @ https://www.flipkart.com/:0
[   26376ms] [WARNING] The resource https://rukminim2.flixcart.com/fk-p-flap/480/234/image/be24f85dfb8c9a58.jpg?q=20 was preloaded using link preload but not used within a few seconds from the window's load event. Please make sure it has an appropriate `as` value and it is preloaded intentionally. @ https://www.flipkart.com/:0
[   36045ms] [WARNING] The resource https://rukminim2.flixcart.com/fk-p-flap/480/234/image/be24f85dfb8c9a58.jpg?q=20 was preloaded using link preload but not used within a few seconds from the window's load event. Please make sure it has an appropriate `as` value and it is preloaded intentionally. @ https://www.flipkart.com/:0
[   46376ms] [WARNING] The resource https://rukminim2.flixcart.com/fk-p-flap/480/234/image/be24f85dfb8c9a58.jpg?q=20 was preloaded using link preload but not used within a few seconds from the window's load event. Please make sure it has an appropriate `as` value and it is preloaded intentionally. @ https://www.flipkart.com/:0
[   56035ms] [WARNING] The resource https://rukminim2.flixcart.com/fk-p-flap/480/234/image/be24f85dfb8c9a58.jpg?q=20 was preloaded using link preload but not used within a few seconds from the window's load event. Please make sure it has an appropriate `as` value and it is preloaded intentionally. @ https://www.flipkart.com/:0
[   67849ms] [WARNING] The resource https://rukminim2.flixcart.com/fk-p-flap/480/234/image/be24f85dfb8c9a58.jpg?q=20 was preloaded using link preload but not used within a few seconds from the window's load event. Please make sure it has an appropriate `as` value and it is preloaded intentionally. @ https://www.flipkart.com/:0
[   76120ms] [WARNING] The resource https://rukminim2.flixcart.com/fk-p-flap/480/234/image/be24f85dfb8c9a58.jpg?q=20 was preloaded using link preload but not used within a few seconds from the window's load event. Please make sure it has an appropriate `as` value and it is preloaded intentionally. @ https://www.flipkart.com/:0
[   86371ms] [WARNING] The resource https://rukminim2.flixcart.com/fk-p-flap/480/234/image/be24f85dfb8c9a58.jpg?q=20 was preloaded using link preload but not used within a few seconds from the window's load event. Please make sure it has an appropriate `as` value and it is preloaded intentionally. @ https://www.flipkart.com/:0
[   96087ms] [WARNING] The resource https://rukminim2.flixcart.com/fk-p-flap/480/234/image/be24f85dfb8c9a58.jpg?q=20 was preloaded using link preload but not used within a few seconds from the window's load event. Please make sure it has an appropriate `as` value and it is preloaded intentionally. @ https://www.flipkart.com/:0
[  106390ms] [WARNING] The resource https://rukminim2.flixcart.com/fk-p-flap/480/234/image/be24f85dfb8c9a58.jpg?q=20 was preloaded using link preload but not used within a few seconds from the window's load event. Please make sure it has an appropriate `as` value and it is preloaded intentionally. @ https://www.flipkart.com/:0
[  116156ms] [WARNING] The resource https://rukminim2.flixcart.com/fk-p-flap/480/234/image/be24f85dfb8c9a58.jpg?q=20 was preloaded using link preload but not used within a few seconds from the window's load event. Please make sure it has an appropriate `as` value and it is preloaded intentionally. @ https://www.flipkart.com/:0
[  126398ms] [WARNING] The resource https://rukminim2.flixcart.com/fk-p-flap/480/234/image/be24f85dfb8c9a58.jpg?q=20 was preloaded using link preload but not used within a few seconds from the window's load event. Please make sure it has an appropriate `as` value and it is preloaded intentionally. @ https://www.flipkart.com/:0
[  136068ms] [WARNING] The resource https://rukminim2.flixcart.com/fk-p-flap/480/234/image/be24f85dfb8c9a58.jpg?q=20 was preloaded using link preload but not used within a few seconds from the window's load event. Please make sure it has an appropriate `as` value and it is preloaded intentionally. @ https://www.flipkart.com/:0
[  146389ms] [WARNING] The resource https://rukminim2.flixcart.com/fk-p-flap/480/234/image/be24f85dfb8c9a58.jpg?q=20 was preloaded using link preload but not used within a few seconds from the window's load event. Please make sure it has an appropriate `as` value and it is preloaded intentionally. @ https://www.flipkart.com/:0
[  156097ms] [WARNING] The resource https://rukminim2.flixcart.com/fk-p-flap/480/234/image/be24f85dfb8c9a58.jpg?q=20 was preloaded using link preload but not used within a few seconds from the window's load event. Please make sure it has an appropriate `as` value and it is preloaded intentionally. @ https://www.flipkart.com/:0
[  166388ms] [WARNING] The resource https://rukminim2.flixcart.com/fk-p-flap/480/234/image/be24f85dfb8c9a58.jpg?q=20 was preloaded using link preload but not used within a few seconds from the window's load event. Please make sure it has an appropriate `as` value and it is preloaded intentionally. @ https://www.flipkart.com/:0
[  176163ms] [WARNING] The resource https://rukminim2.flixcart.com/fk-p-flap/480/234/image/be24f85dfb8c9a58.jpg?q=20 was preloaded using link preload but not used within a few seconds from the window's load event. Please make sure it has an appropriate `as` value and it is preloaded intentionally. @ https://www.flipkart.com/:0
[  186380ms] [WARNING] The resource https://rukminim2.flixcart.com/fk-p-flap/480/234/image/be24f85dfb8c9a58.jpg?q=20 was preloaded using link preload but not used within a few seconds from the window's load event. Please make sure it has an appropriate `as` value and it is preloaded intentionally. @ https://www.flipkart.com/:0
[  196131ms] [WARNING] The resource https://rukminim2.flixcart.com/fk-p-flap/480/234/image/be24f85dfb8c9a58.jpg?q=20 was preloaded using link preload but not used within a few seconds from the window's load event. Please make sure it has an appropriate `as` value and it is preloaded intentionally. @ https://www.flipkart.com/:0
[  206393ms] [WARNING] The resource https://rukminim2.flixcart.com/fk-p-flap/480/234/image/be24f85dfb8c9a58.jpg?q=20 was preloaded using link preload but not used within a few seconds from the window's load event. Please make sure it has an appropriate `as` value and it is preloaded intentionally. @ https://www.flipkart.com/:0
[  216103ms] [WARNING] The resource https://rukminim2.flixcart.com/fk-p-flap/480/234/image/be24f85dfb8c9a58.jpg?q=20 was preloaded using link preload but not used within a few seconds from the window's load event. Please make sure it has an appropriate `as` value and it is preloaded intentionally. @ https://www.flipkart.com/:0
[  226387ms] [WARNING] The resource https://rukminim2.flixcart.com/fk-p-flap/480/234/image/be24f85dfb8c9a58.jpg?q=20 was preloaded using link preload but not used within a few seconds from the window's load event. Please make sure it has an appropriate `as` value and it is preloaded intentionally. @ https://www.flipkart.com/:0
[  236171ms] [WARNING] The resource https://rukminim2.flixcart.com/fk-p-flap/480/234/image/be24f85dfb8c9a58.jpg?q=20 was preloaded using link preload but not used within a few seconds from the window's load event. Please make sure it has an appropriate `as` value and it is preloaded intentionally. @ https://www.flipkart.com/:0
[  246384ms] [WARNING] The resource https://rukminim2.flixcart.com/fk-p-flap/480/234/image/be24f85dfb8c9a58.jpg?q=20 was preloaded using link preload but not used within a few seconds from the window's load event. Please make sure it has an appropriate `as` value and it is preloaded intentionally. @ https://www.flipkart.com/:0
[  256139ms] [WARNING] The resource https://rukminim2.flixcart.com/fk-p-flap/480/234/image/be24f85dfb8c9a58.jpg?q=20 was preloaded using link preload but not used within a few seconds from the window's load event. Please make sure it has an appropriate `as` value and it is preloaded intentionally. @ https://www.flipkart.com/:0
[  266386ms] [WARNING] The resource https://rukminim2.flixcart.com/fk-p-flap/480/234/image/be24f85dfb8c9a58.jpg?q=20 was preloaded using link preload but not used within a few seconds from the window's load event. Please make sure it has an appropriate `as` value and it is preloaded intentionally. @ https://www.flipkart.com/:0
[  276109ms] [WARNING] The resource https://rukminim2.flixcart.com/fk-p-flap/480/234/image/be24f85dfb8c9a58.jpg?q=20 was preloaded using link preload but not used within a few seconds from the window's load event. Please make sure it has an appropriate `as` value and it is preloaded intentionally. @ https://www.flipkart.com/:0
[  286394ms] [WARNING] The resource https://rukminim2.flixcart.com/fk-p-flap/480/234/image/be24f85dfb8c9a58.jpg?q=20 was preloaded using link preload but not used within a few seconds from the window's load event. Please make sure it has an appropriate `as` value and it is preloaded intentionally. @ https://www.flipkart.com/:0
[  296182ms] [WARNING] The resource https://rukminim2.flixcart.com/fk-p-flap/480/234/image/be24f85dfb8c9a58.jpg?q=20 was preloaded using link preload but not used within a few seconds from the window's load event. Please make sure it has an appropriate `as` value and it is preloaded intentionally. @ https://www.flipkart.com/:0
[  306390ms] [WARNING] The resource https://rukminim2.flixcart.com/fk-p-flap/480/234/image/be24f85dfb8c9a58.jpg?q=20 was preloaded using link preload but not used within a few seconds from the window's load event. Please make sure it has an appropriate `as` value and it is preloaded intentionally. @ https://www.flipkart.com/:0
[  316150ms] [WARNING] The resource https://rukminim2.flixcart.com/fk-p-flap/480/234/image/be24f85dfb8c9a58.jpg?q=20 was preloaded using link preload but not used within a few seconds from the window's load event. Please make sure it has an appropriate `as` value and it is preloaded intentionally. @ https://www.flipkart.com/:0
[  326399ms] [WARNING] The resource https://rukminim2.flixcart.com/fk-p-flap/480/234/image/be24f85dfb8c9a58.jpg?q=20 was preloaded using link preload but not used within a few seconds from the window's load event. Please make sure it has an appropriate `as` value and it is preloaded intentionally. @ https://www.flipkart.com/:0
[  336220ms] [WARNING] The resource https://rukminim2.flixcart.com/fk-p-flap/480/234/image/be24f85dfb8c9a58.jpg?q=20 was preloaded using link preload but not used within a few seconds from the window's load event. Please make sure it has an appropriate `as` value and it is preloaded intentionally. @ https://www.flipkart.com/:0
[  346389ms] [WARNING] The resource https://rukminim2.flixcart.com/fk-p-flap/480/234/image/be24f85dfb8c9a58.jpg?q=20 was preloaded using link preload but not used within a few seconds from the window's load event. Please make sure it has an appropriate `as` value and it is preloaded intentionally. @ https://www.flipkart.com/:0
[  356193ms] [WARNING] The resource https://rukminim2.flixcart.com/fk-p-flap/480/234/image/be24f85dfb8c9a58.jpg?q=20 was preloaded using link preload but not used within a few seconds from the window's load event. Please make sure it has an appropriate `as` value and it is preloaded intentionally. @ https://www.flipkart.com/:0
[  366399ms] [WARNING] The resource https://rukminim2.flixcart.com/fk-p-flap/480/234/image/be24f85dfb8c9a58.jpg?q=20 was preloaded using link preload but not used within a few seconds from the window's load event. Please make sure it has an appropriate `as` value and it is preloaded intentionally. @ https://www.flipkart.com/:0
[  376161ms] [WARNING] The resource https://rukminim2.flixcart.com/fk-p-flap/480/234/image/be24f85dfb8c9a58.jpg?q=20 was preloaded using link preload but not used within a few seconds from the window's load event. Please make sure it has an appropriate `as` value and it is preloaded intentionally. @ https://www.flipkart.com/:0
[  386397ms] [WARNING] The resource https://rukminim2.flixcart.com/fk-p-flap/480/234/image/be24f85dfb8c9a58.jpg?q=20 was preloaded using link preload but not used within a few seconds from the window's load event. Please make sure it has an appropriate `as` value and it is preloaded intentionally. @ https://www.flipkart.com/:0
[  398153ms] [WARNING] The resource https://rukminim2.flixcart.com/fk-p-flap/480/234/image/be24f85dfb8c9a58.jpg?q=20 was preloaded using link preload but not used within a few seconds from the window's load event. Please make sure it has an appropriate `as` value and it is preloaded intentionally. @ https://www.flipkart.com/:0
