[    1108ms] [WARNING] Warning: Component with name Placeholderis not available. Returning a fallback View @ https://static-assets-web.flixcart.com/batman-returns/batman-returns/p/81c7ef61138b70808f9540bfce756244/CrossCommon.js:0
[    1138ms] [WARNING] Warning: Component with name RNShimmeringViewis not available. Returning a fallback View @ https://static-assets-web.flixcart.com/batman-returns/batman-returns/p/81c7ef61138b70808f9540bfce756244/CrossCommon.js:0
[    1160ms] [WARNING] Warning: Component with name GifViewis not available. Returning a fallback View @ https://static-assets-web.flixcart.com/batman-returns/batman-returns/p/81c7ef61138b70808f9540bfce756244/CrossCommon.js:0
[    1160ms] [WARNING] Warning: Component with name LiveVideoViewis not available. Returning a fallback View @ https://static-assets-web.flixcart.com/batman-returns/batman-returns/p/81c7ef61138b70808f9540bfce756244/CrossCommon.js:0
[    1162ms] [WARNING] Warning: Component with name HybridConditionTrackerViewis not available. Returning a fallback View @ https://static-assets-web.flixcart.com/batman-returns/batman-returns/p/81c7ef61138b70808f9540bfce756244/CrossCommon.js:0
[    1226ms] [ERROR] Failed to load resource: the server responded with a status of 406 () @ https://sonic.fdp.api.flipkart.com/4/data/collector/business:0
[    1226ms] [ERROR] Access to fetch at 'https://static-assets-web.flixcart.com/www/linchpin/batman-returns/codes.json' from origin 'https://www.flipkart.com' has been blocked by CORS policy: Request header field x-user-agent is not allowed by Access-Control-Allow-Headers in preflight response. @ https://www.flipkart.com/:0
[    1227ms] [ERROR] Failed to load resource: net::ERR_FAILED @ https://static-assets-web.flixcart.com/www/linchpin/batman-returns/codes.json:0
[    1289ms] [LOG] ServiceWorker registration successful with scope:  https://www.flipkart.com/ @ https://www.flipkart.com/:1860
[    1289ms] [LOG] ServiceWorker is active and sending message :  https://www.flipkart.com/ @ https://www.flipkart.com/:1869
[    1306ms] [LOG] Sync registration successfull for web push Heart beat @ https://www.flipkart.com/:1889
[    1313ms] [WARNING] <meta name="apple-mobile-web-app-capable" content="yes"> is deprecated. Please include <meta name="mobile-web-app-capable" content="yes"> @ https://www.flipkart.com/:0
[    1839ms] [ERROR] Access to fetch at 'https://static-assets-web.flixcart.com/apex-static/images/svgs/L1Nav/auto-acc.svg' from origin 'https://www.flipkart.com' has been blocked by CORS policy: Request header field x-user-agent is not allowed by Access-Control-Allow-Headers in preflight response. @ https://www.flipkart.com/:0
[    1839ms] [ERROR] Failed to load resource: net::ERR_FAILED @ https://static-assets-web.flixcart.com/apex-static/images/svgs/L1Nav/auto-acc.svg:0
[    1842ms] [ERROR] Access to fetch at 'https://static-assets-web.flixcart.com/apex-static/images/svgs/L1Nav/mobiles.svg' from origin 'https://www.flipkart.com' has been blocked by CORS policy: Request header field x-user-agent is not allowed by Access-Control-Allow-Headers in preflight response. @ https://www.flipkart.com/:0
[    1843ms] [ERROR] Failed to load resource: net::ERR_FAILED @ https://static-assets-web.flixcart.com/apex-static/images/svgs/L1Nav/mobiles.svg:0
[    1844ms] [ERROR] Access to fetch at 'https://static-assets-web.flixcart.com/apex-static/images/svgs/L1Nav/furniture.svg' from origin 'https://www.flipkart.com' has been blocked by CORS policy: Request header field x-user-agent is not allowed by Access-Control-Allow-Headers in preflight response. @ https://www.flipkart.com/:0
[    1844ms] [ERROR] Failed to load resource: net::ERR_FAILED @ https://static-assets-web.flixcart.com/apex-static/images/svgs/L1Nav/furniture.svg:0
[    1845ms] [ERROR] Access to fetch at 'https://static-assets-web.flixcart.com/apex-static/images/svgs/L1Nav/auto-new.svg' from origin 'https://www.flipkart.com' has been blocked by CORS policy: Request header field x-user-agent is not allowed by Access-Control-Allow-Headers in preflight response. @ https://www.flipkart.com/:0
[    1845ms] [ERROR] Failed to load resource: net::ERR_FAILED @ https://static-assets-web.flixcart.com/apex-static/images/svgs/L1Nav/auto-new.svg:0
[    1871ms] [ERROR] Access to fetch at 'https://static-assets-web.flixcart.com/apex-static/images/svgs/L1Nav/beauty.svg' from origin 'https://www.flipkart.com' has been blocked by CORS policy: Request header field x-user-agent is not allowed by Access-Control-Allow-Headers in preflight response. @ https://www.flipkart.com/:0
[    1871ms] [ERROR] Failed to load resource: net::ERR_FAILED @ https://static-assets-web.flixcart.com/apex-static/images/svgs/L1Nav/beauty.svg:0
[    1871ms] [ERROR] Access to fetch at 'https://static-assets-web.flixcart.com/apex-static/images/svgs/L1Nav/tv.svg' from origin 'https://www.flipkart.com' has been blocked by CORS policy: Request header field x-user-agent is not allowed by Access-Control-Allow-Headers in preflight response. @ https://www.flipkart.com/:0
[    1871ms] [ERROR] Failed to load resource: net::ERR_FAILED @ https://static-assets-web.flixcart.com/apex-static/images/svgs/L1Nav/tv.svg:0
[    1872ms] [ERROR] Access to fetch at 'https://static-assets-web.flixcart.com/apex-static/images/svgs/L1Nav/books.svg' from origin 'https://www.flipkart.com' has been blocked by CORS policy: Request header field x-user-agent is not allowed by Access-Control-Allow-Headers in preflight response. @ https://www.flipkart.com/:0
[    1872ms] [ERROR] Failed to load resource: net::ERR_FAILED @ https://static-assets-web.flixcart.com/apex-static/images/svgs/L1Nav/books.svg:0
[    1873ms] [ERROR] Access to fetch at 'https://static-assets-web.flixcart.com/apex-static/images/svgs/L1Nav/all.svg' from origin 'https://www.flipkart.com' has been blocked by CORS policy: Request header field x-user-agent is not allowed by Access-Control-Allow-Headers in preflight response. @ https://www.flipkart.com/:0
[    1873ms] [ERROR] Failed to load resource: net::ERR_FAILED @ https://static-assets-web.flixcart.com/apex-static/images/svgs/L1Nav/all.svg:0
[    1874ms] [ERROR] Access to fetch at 'https://static-assets-web.flixcart.com/apex-static/images/svgs/L1Nav/electronics.svg' from origin 'https://www.flipkart.com' has been blocked by CORS policy: Request header field x-user-agent is not allowed by Access-Control-Allow-Headers in preflight response. @ https://www.flipkart.com/:0
[    1874ms] [ERROR] Failed to load resource: net::ERR_FAILED @ https://static-assets-web.flixcart.com/apex-static/images/svgs/L1Nav/electronics.svg:0
[    1874ms] [ERROR] Access to fetch at 'https://static-assets-web.flixcart.com/apex-static/images/svgs/L1Nav/fashion.svg' from origin 'https://www.flipkart.com' has been blocked by CORS policy: Request header field x-user-agent is not allowed by Access-Control-Allow-Headers in preflight response. @ https://www.flipkart.com/:0
[    1874ms] [ERROR] Failed to load resource: net::ERR_FAILED @ https://static-assets-web.flixcart.com/apex-static/images/svgs/L1Nav/fashion.svg:0
[    1874ms] [ERROR] Access to fetch at 'https://static-assets-web.flixcart.com/apex-static/images/svgs/L1Nav/sport.svg' from origin 'https://www.flipkart.com' has been blocked by CORS policy: Request header field x-user-agent is not allowed by Access-Control-Allow-Headers in preflight response. @ https://www.flipkart.com/:0
[    1874ms] [ERROR] Failed to load resource: net::ERR_FAILED @ https://static-assets-web.flixcart.com/apex-static/images/svgs/L1Nav/sport.svg:0
[    1875ms] [ERROR] Access to fetch at 'https://static-assets-web.flixcart.com/apex-static/images/svgs/L1Nav/home-final.svg' from origin 'https://www.flipkart.com' has been blocked by CORS policy: Request header field x-user-agent is not allowed by Access-Control-Allow-Headers in preflight response. @ https://www.flipkart.com/:0
[    1875ms] [ERROR] Failed to load resource: net::ERR_FAILED @ https://static-assets-web.flixcart.com/apex-static/images/svgs/L1Nav/home-final.svg:0
[    1875ms] [ERROR] Access to fetch at 'https://static-assets-web.flixcart.com/apex-static/images/svgs/L1Nav/toy.svg' from origin 'https://www.flipkart.com' has been blocked by CORS policy: Request header field x-user-agent is not allowed by Access-Control-Allow-Headers in preflight response. @ https://www.flipkart.com/:0
[    1875ms] [ERROR] Failed to load resource: net::ERR_FAILED @ https://static-assets-web.flixcart.com/apex-static/images/svgs/L1Nav/toy.svg:0
[    1900ms] [ERROR] Access to fetch at 'https://static-assets-web.flixcart.com/apex-static/images/svgs/L1Nav/food.svg' from origin 'https://www.flipkart.com' has been blocked by CORS policy: Request header field x-user-agent is not allowed by Access-Control-Allow-Headers in preflight response. @ https://www.flipkart.com/:0
[    1900ms] [ERROR] Failed to load resource: net::ERR_FAILED @ https://static-assets-web.flixcart.com/apex-static/images/svgs/L1Nav/food.svg:0
[   17360ms] [WARNING] The resource https://rukminim1.flixcart.com/fk-p-flap/480/234/image/3153a1018b8bf49d.jpg?q=20 was preloaded using link preload but not used within a few seconds from the window's load event. Please make sure it has an appropriate `as` value and it is preloaded intentionally. @ https://www.flipkart.com/:0
[   25927ms] [WARNING] The resource https://rukminim1.flixcart.com/fk-p-flap/480/234/image/3153a1018b8bf49d.jpg?q=20 was preloaded using link preload but not used within a few seconds from the window's load event. Please make sure it has an appropriate `as` value and it is preloaded intentionally. @ https://www.flipkart.com/:0
[   35522ms] [WARNING] The resource https://rukminim1.flixcart.com/fk-p-flap/480/234/image/3153a1018b8bf49d.jpg?q=20 was preloaded using link preload but not used within a few seconds from the window's load event. Please make sure it has an appropriate `as` value and it is preloaded intentionally. @ https://www.flipkart.com/:0
[   45924ms] [WARNING] The resource https://rukminim1.flixcart.com/fk-p-flap/480/234/image/3153a1018b8bf49d.jpg?q=20 was preloaded using link preload but not used within a few seconds from the window's load event. Please make sure it has an appropriate `as` value and it is preloaded intentionally. @ https://www.flipkart.com/:0
[   55488ms] [WARNING] The resource https://rukminim1.flixcart.com/fk-p-flap/480/234/image/3153a1018b8bf49d.jpg?q=20 was preloaded using link preload but not used within a few seconds from the window's load event. Please make sure it has an appropriate `as` value and it is preloaded intentionally. @ https://www.flipkart.com/:0
[   65928ms] [WARNING] The resource https://rukminim1.flixcart.com/fk-p-flap/480/234/image/3153a1018b8bf49d.jpg?q=20 was preloaded using link preload but not used within a few seconds from the window's load event. Please make sure it has an appropriate `as` value and it is preloaded intentionally. @ https://www.flipkart.com/:0
[   75449ms] [WARNING] The resource https://rukminim1.flixcart.com/fk-p-flap/480/234/image/3153a1018b8bf49d.jpg?q=20 was preloaded using link preload but not used within a few seconds from the window's load event. Please make sure it has an appropriate `as` value and it is preloaded intentionally. @ https://www.flipkart.com/:0
[   85922ms] [WARNING] The resource https://rukminim1.flixcart.com/fk-p-flap/480/234/image/3153a1018b8bf49d.jpg?q=20 was preloaded using link preload but not used within a few seconds from the window's load event. Please make sure it has an appropriate `as` value and it is preloaded intentionally. @ https://www.flipkart.com/:0
[   95529ms] [WARNING] The resource https://rukminim1.flixcart.com/fk-p-flap/480/234/image/3153a1018b8bf49d.jpg?q=20 was preloaded using link preload but not used within a few seconds from the window's load event. Please make sure it has an appropriate `as` value and it is preloaded intentionally. @ https://www.flipkart.com/:0
[  105929ms] [WARNING] The resource https://rukminim1.flixcart.com/fk-p-flap/480/234/image/3153a1018b8bf49d.jpg?q=20 was preloaded using link preload but not used within a few seconds from the window's load event. Please make sure it has an appropriate `as` value and it is preloaded intentionally. @ https://www.flipkart.com/:0
[  115494ms] [WARNING] The resource https://rukminim1.flixcart.com/fk-p-flap/480/234/image/3153a1018b8bf49d.jpg?q=20 was preloaded using link preload but not used within a few seconds from the window's load event. Please make sure it has an appropriate `as` value and it is preloaded intentionally. @ https://www.flipkart.com/:0
[  125947ms] [WARNING] The resource https://rukminim1.flixcart.com/fk-p-flap/480/234/image/3153a1018b8bf49d.jpg?q=20 was preloaded using link preload but not used within a few seconds from the window's load event. Please make sure it has an appropriate `as` value and it is preloaded intentionally. @ https://www.flipkart.com/:0
[  135466ms] [WARNING] The resource https://rukminim1.flixcart.com/fk-p-flap/480/234/image/3153a1018b8bf49d.jpg?q=20 was preloaded using link preload but not used within a few seconds from the window's load event. Please make sure it has an appropriate `as` value and it is preloaded intentionally. @ https://www.flipkart.com/:0
[  145945ms] [WARNING] The resource https://rukminim1.flixcart.com/fk-p-flap/480/234/image/3153a1018b8bf49d.jpg?q=20 was preloaded using link preload but not used within a few seconds from the window's load event. Please make sure it has an appropriate `as` value and it is preloaded intentionally. @ https://www.flipkart.com/:0
[  155480ms] [WARNING] The resource https://rukminim1.flixcart.com/fk-p-flap/480/234/image/3153a1018b8bf49d.jpg?q=20 was preloaded using link preload but not used within a few seconds from the window's load event. Please make sure it has an appropriate `as` value and it is preloaded intentionally. @ https://www.flipkart.com/:0
[  165932ms] [WARNING] The resource https://rukminim1.flixcart.com/fk-p-flap/480/234/image/3153a1018b8bf49d.jpg?q=20 was preloaded using link preload but not used within a few seconds from the window's load event. Please make sure it has an appropriate `as` value and it is preloaded intentionally. @ https://www.flipkart.com/:0
[  175502ms] [WARNING] The resource https://rukminim1.flixcart.com/fk-p-flap/480/234/image/3153a1018b8bf49d.jpg?q=20 was preloaded using link preload but not used within a few seconds from the window's load event. Please make sure it has an appropriate `as` value and it is preloaded intentionally. @ https://www.flipkart.com/:0
[  185941ms] [WARNING] The resource https://rukminim1.flixcart.com/fk-p-flap/480/234/image/3153a1018b8bf49d.jpg?q=20 was preloaded using link preload but not used within a few seconds from the window's load event. Please make sure it has an appropriate `as` value and it is preloaded intentionally. @ https://www.flipkart.com/:0
[  195475ms] [WARNING] The resource https://rukminim1.flixcart.com/fk-p-flap/480/234/image/3153a1018b8bf49d.jpg?q=20 was preloaded using link preload but not used within a few seconds from the window's load event. Please make sure it has an appropriate `as` value and it is preloaded intentionally. @ https://www.flipkart.com/:0
[  205958ms] [WARNING] The resource https://rukminim1.flixcart.com/fk-p-flap/480/234/image/3153a1018b8bf49d.jpg?q=20 was preloaded using link preload but not used within a few seconds from the window's load event. Please make sure it has an appropriate `as` value and it is preloaded intentionally. @ https://www.flipkart.com/:0
[  215501ms] [WARNING] The resource https://rukminim1.flixcart.com/fk-p-flap/480/234/image/3153a1018b8bf49d.jpg?q=20 was preloaded using link preload but not used within a few seconds from the window's load event. Please make sure it has an appropriate `as` value and it is preloaded intentionally. @ https://www.flipkart.com/:0
[  225945ms] [WARNING] The resource https://rukminim1.flixcart.com/fk-p-flap/480/234/image/3153a1018b8bf49d.jpg?q=20 was preloaded using link preload but not used within a few seconds from the window's load event. Please make sure it has an appropriate `as` value and it is preloaded intentionally. @ https://www.flipkart.com/:0
[  235467ms] [WARNING] The resource https://rukminim1.flixcart.com/fk-p-flap/480/234/image/3153a1018b8bf49d.jpg?q=20 was preloaded using link preload but not used within a few seconds from the window's load event. Please make sure it has an appropriate `as` value and it is preloaded intentionally. @ https://www.flipkart.com/:0
[  245936ms] [WARNING] The resource https://rukminim1.flixcart.com/fk-p-flap/480/234/image/3153a1018b8bf49d.jpg?q=20 was preloaded using link preload but not used within a few seconds from the window's load event. Please make sure it has an appropriate `as` value and it is preloaded intentionally. @ https://www.flipkart.com/:0
[  255590ms] [WARNING] The resource https://rukminim1.flixcart.com/fk-p-flap/480/234/image/3153a1018b8bf49d.jpg?q=20 was preloaded using link preload but not used within a few seconds from the window's load event. Please make sure it has an appropriate `as` value and it is preloaded intentionally. @ https://www.flipkart.com/:0
[  266042ms] [WARNING] The resource https://rukminim1.flixcart.com/fk-p-flap/480/234/image/3153a1018b8bf49d.jpg?q=20 was preloaded using link preload but not used within a few seconds from the window's load event. Please make sure it has an appropriate `as` value and it is preloaded intentionally. @ https://www.flipkart.com/:0
[  275492ms] [WARNING] The resource https://rukminim1.flixcart.com/fk-p-flap/480/234/image/3153a1018b8bf49d.jpg?q=20 was preloaded using link preload but not used within a few seconds from the window's load event. Please make sure it has an appropriate `as` value and it is preloaded intentionally. @ https://www.flipkart.com/:0
[  286030ms] [WARNING] The resource https://rukminim1.flixcart.com/fk-p-flap/480/234/image/3153a1018b8bf49d.jpg?q=20 was preloaded using link preload but not used within a few seconds from the window's load event. Please make sure it has an appropriate `as` value and it is preloaded intentionally. @ https://www.flipkart.com/:0
[  295526ms] [WARNING] The resource https://rukminim1.flixcart.com/fk-p-flap/480/234/image/3153a1018b8bf49d.jpg?q=20 was preloaded using link preload but not used within a few seconds from the window's load event. Please make sure it has an appropriate `as` value and it is preloaded intentionally. @ https://www.flipkart.com/:0
[  305950ms] [WARNING] The resource https://rukminim1.flixcart.com/fk-p-flap/480/234/image/3153a1018b8bf49d.jpg?q=20 was preloaded using link preload but not used within a few seconds from the window's load event. Please make sure it has an appropriate `as` value and it is preloaded intentionally. @ https://www.flipkart.com/:0
[  315489ms] [WARNING] The resource https://rukminim1.flixcart.com/fk-p-flap/480/234/image/3153a1018b8bf49d.jpg?q=20 was preloaded using link preload but not used within a few seconds from the window's load event. Please make sure it has an appropriate `as` value and it is preloaded intentionally. @ https://www.flipkart.com/:0
[  325962ms] [WARNING] The resource https://rukminim1.flixcart.com/fk-p-flap/480/234/image/3153a1018b8bf49d.jpg?q=20 was preloaded using link preload but not used within a few seconds from the window's load event. Please make sure it has an appropriate `as` value and it is preloaded intentionally. @ https://www.flipkart.com/:0
[  335495ms] [WARNING] The resource https://rukminim1.flixcart.com/fk-p-flap/480/234/image/3153a1018b8bf49d.jpg?q=20 was preloaded using link preload but not used within a few seconds from the window's load event. Please make sure it has an appropriate `as` value and it is preloaded intentionally. @ https://www.flipkart.com/:0
[  345953ms] [WARNING] The resource https://rukminim1.flixcart.com/fk-p-flap/480/234/image/3153a1018b8bf49d.jpg?q=20 was preloaded using link preload but not used within a few seconds from the window's load event. Please make sure it has an appropriate `as` value and it is preloaded intentionally. @ https://www.flipkart.com/:0
[  355637ms] [WARNING] The resource https://rukminim1.flixcart.com/fk-p-flap/480/234/image/3153a1018b8bf49d.jpg?q=20 was preloaded using link preload but not used within a few seconds from the window's load event. Please make sure it has an appropriate `as` value and it is preloaded intentionally. @ https://www.flipkart.com/:0
